{
  "Items": null,
  "Total": 0,
  "Start": 1,
  "Number": 10
}